Microchip MPLAB XC8 Compiler V1.45 ()

Linker command line:

-W-3 --edf=C:\Program Files (x86)\Microchip\xc8\v1.45\dat\en_msgs.txt -cs \
  -h+dist/default/production\Parade2.X.production.sym \
  --cmf=dist/default/production\Parade2.X.production.cmf -z -Q16F88 \
  -oC:\Users\shinpei\AppData\Local\Temp\sb9c.2 \
  -Mdist/default/production/Parade2.X.production.map -E1 -ver=XC8 \
  -ASTACK=0110h-016fh -pstack=STACK -ACODE=00h-07FFhx2 -ASTRCODE=00h-0FFFh \
  -ASTRING=00h-0FFhx16 -ACONST=00h-0FFhx16 -AENTRY=00h-0FFhx16 \
  -ACOMMON=070h-07Fh -ABANK0=020h-06Fh -ABANK1=0A0h-0EFh \
  -ABANK2=0110h-016Fh -ABANK3=0190h-01EFh \
  -ARAM=020h-06Fh,0A0h-0EFh,0110h-016Fh,0190h-01EFh \
  -AABS1=020h-07Fh,0A0h-0EFh,0110h-016Fh,0190h-01EFh -ASFR0=00h-01Fh \
  -ASFR1=080h-09Fh -ASFR2=0100h-010Fh -ASFR3=0180h-018Fh \
  -preset_vec=00h,intentry,init,end_init -ppowerup=CODE -pcinit=CODE \
  -pfunctab=ENTRY -ACONFIG=02007h-02008h -pconfig=CONFIG -DCONFIG=2 \
  -AIDLOC=02000h-02003h -pidloc=IDLOC -DIDLOC=2 -AEEDATA=00h-0FFh/02100h \
  -peeprom_data=EEDATA -DEEDATA=2 -DCODE=2 -DSTRCODE=2 -DSTRING=2 -DCONST=2 \
  -DENTRY=2 -k C:\Users\shinpei\AppData\Local\Temp\sb9c.obj \
  dist/default/production\Parade2.X.production.obj 

Object code version is 3.11

Machine type is 16F88



                Name                               Link     Load   Length Selector   Space Scale
C:\Users\shinpei\AppData\Local\Temp\sb9c.obj
                end_init                              0        0        2        0       0
                config                             2007     2007        2     400E       0
dist/default/production\Parade2.X.production.obj
                cinit                               7FD      7FD        3      FFA       0
                text19                              A40      A40       6C     1480       0
                text18                              37C      37C       B7      6F8       0
                text17                              433      433       D0      866       0
                text16                              2EE      2EE       8E      5DC       0
                text15                              DD8      DD8       8A     1BB0       0
                text14                              E62      E62       8A     1CC4       0
                text13                              AAC      AAC       86     1558       0
                text12                               32       32       8C       64       0
                text11                              BB8      BB8       88     1770       0
                text10                              EEC      EEC       8A     1DD8       0
                text9                               C40      C40       88     1880       0
                text8                                BE       BE       8C      17C       0
                text7                               CC8      CC8       88     1990       0
                text6                               14A      14A       8C      294       0
                text5                               1D6      1D6       8C      3AC       0
                text4                               F76      F76       8A     1EEC       0
                text3                               D50      D50       88     1AA0       0
                text2                               262      262       8C      4C4       0
                text1                               B32      B32       86     1664       0
                maintext                            503      503      2FA      A06       0
                cstackBANK0                          20       20       3C       20       1
                cstackCOMMON                         70       70        E       70       1

TOTAL           Name                               Link     Load   Length     Space
        CLASS   STACK          

        CLASS   CODE           
                end_init                              0        0        2         0
                cinit                               7FD      7FD        3         0
                text19                              A40      A40       6C         0
                text18                              37C      37C       B7         0
                text17                              433      433       D0         0
                text16                              2EE      2EE       8E         0
                text15                              DD8      DD8       8A         0
                text14                              E62      E62       8A         0
                text13                              AAC      AAC       86         0
                text12                               32       32       8C         0
                text11                              BB8      BB8       88         0
                text10                              EEC      EEC       8A         0
                text9                               C40      C40       88         0
                text8                                BE       BE       8C         0
                text7                               CC8      CC8       88         0
                text6                               14A      14A       8C         0
                text5                               1D6      1D6       8C         0
                text4                               F76      F76       8A         0
                text3                               D50      D50       88         0
                text2                               262      262       8C         0
                text1                               B32      B32       86         0
                maintext                            503      503      2FA         0

        CLASS   STRCODE        

        CLASS   STRING         

        CLASS   CONST          

        CLASS   ENTRY          

        CLASS   COMMON         
                cstackCOMMON                         70       70        E         1

        CLASS   BANK0          
                cstackBANK0                          20       20       3C         1

        CLASS   BANK1          

        CLASS   BANK2          

        CLASS   BANK3          

        CLASS   RAM            

        CLASS   ABS1           
                abs_s1                               7E       7E        2         1

        CLASS   SFR0           

        CLASS   SFR1           

        CLASS   SFR2           

        CLASS   SFR3           

        CLASS   CONFIG         
                config                             2007     2007        2         0

        CLASS   IDLOC          

        CLASS   EEDATA         



SEGMENTS        Name                           Load    Length   Top    Selector   Space  Class     Delta

                reset_vec                      000000  000002  000002         0       0  CODE        2
                cstackBANK0                    000020  00003C  00005C        20       1  BANK0       1
                text12                         000032  00008C  0000BE        64       0  CODE        2
                cstackCOMMON                   000070  00000E  00007E        70       1  COMMON      1
                text8                          0000BE  00008C  00014A       17C       0  CODE        2
                text6                          00014A  00008C  0001D6       294       0  CODE        2
                text5                          0001D6  00008C  000262       3AC       0  CODE        2
                text2                          000262  00008C  0002EE       4C4       0  CODE        2
                text16                         0002EE  00008E  00037C       5DC       0  CODE        2
                text18                         00037C  0000B7  000433       6F8       0  CODE        2
                text17                         000433  0000D0  000503       866       0  CODE        2
                maintext                       000503  0002FA  0007FD       A06       0  CODE        2
                cinit                          0007FD  000003  000800       FFA       0  CODE        2
                text19                         000A40  00006C  000AAC      1480       0  CODE        2
                text13                         000AAC  000086  000B32      1558       0  CODE        2
                text1                          000B32  000086  000BB8      1664       0  CODE        2
                text11                         000BB8  000088  000C40      1770       0  CODE        2
                text9                          000C40  000088  000CC8      1880       0  CODE        2
                text7                          000CC8  000088  000D50      1990       0  CODE        2
                text3                          000D50  000088  000DD8      1AA0       0  CODE        2
                text15                         000DD8  00008A  000E62      1BB0       0  CODE        2
                text14                         000E62  00008A  000EEC      1CC4       0  CODE        2
                text10                         000EEC  00008A  000F76      1DD8       0  CODE        2
                text4                          000F76  00008A  001000      1EEC       0  CODE        2
                config                         002007  000002  002009      400E       0  CONFIG      2


UNUSED ADDRESS RANGES

        Name                Unused          Largest block    Delta
        BANK0            005C-006F             14           1
        BANK1            00A0-00EF             50           1
        BANK2            0110-016F             60           1
        BANK3            0190-01EF             60           1
        CODE             0002-0031             30           2
                         0800-0A3F            240
        CONST            0002-0031             30           2
                         0800-0A3F            100
        EEDATA           2100-21FF            100           2
        ENTRY            0002-0031             30           2
                         0800-0A3F            100
        IDLOC            2000-2003              4           2
        RAM              005C-006F             14           1
                         00A0-00EF             50
                         0110-016F             60
                         0190-01EF             60
        SFR0             0000-001F             20           1
        SFR1             0080-009F             20           1
        SFR2             0100-010F             10           1
        SFR3             0180-018F             10           1
        STACK            0110-016F             60           1
        STRCODE          0002-0031             30           2
                         0800-0A3F            240
        STRING           0002-0031             30           2
                         0800-0A3F            100

                                  Symbol Table

?___ftdiv                cstackBANK0  002A
?___ftmul                cstackCOMMON 0078
?___ftpack               cstackCOMMON 0070
?___fttol                cstackBANK0  003A
_OSCCON                  (abs)        008F
_PORTBbits               (abs)        0006
_TRISB                   (abs)        0086
__CFG_BOREN$ON           (abs)        0000
__CFG_CP$OFF             (abs)        0000
__CFG_CPD$OFF            (abs)        0000
__CFG_FCMEN$OFF          (abs)        0000
__CFG_FOSC$INTOSCIO      (abs)        0000
__CFG_IESO$OFF           (abs)        0000
__CFG_MCLRE$OFF          (abs)        0000
__CFG_PWRTE$OFF          (abs)        0000
__CFG_WDTE$OFF           (abs)        0000
__Habs1                  abs1         0000
__Hbank0                 bank0        0000
__Hbank1                 bank1        0000
__Hbank2                 bank2        0000
__Hbank3                 bank3        0000
__Hcinit                 cinit        0800
__Hclrtext               clrtext      0000
__Hcode                  code         0000
__Hcommon                common       0000
__Hconfig                config       2009
__HcstackBANK0           cstackBANK0  0000
__HcstackCOMMON          cstackCOMMON 0000
__Heeprom_data           eeprom_data  0000
__Hend_init              end_init     0002
__Hfunctab               functab      0000
__Hidloc                 idloc        0000
__Hinit                  init         0000
__Hintentry              intentry     0000
__Hmaintext              maintext     0000
__Hpowerup               powerup      0000
__Hram                   ram          0000
__Hreset_vec             reset_vec    0000
__Hsfr0                  sfr0         0000
__Hsfr1                  sfr1         0000
__Hsfr2                  sfr2         0000
__Hsfr3                  sfr3         0000
__Hspace_0               (abs)        2009
__Hspace_1               (abs)        007E
__Hspace_2               (abs)        0000
__Hspace_3               (abs)        0000
__Hstack                 stack        0000
__Hstrings               strings      0000
__Htext                  text         0000
__Labs1                  abs1         0000
__Lbank0                 bank0        0000
__Lbank1                 bank1        0000
__Lbank2                 bank2        0000
__Lbank3                 bank3        0000
__Lcinit                 cinit        07FD
__Lclrtext               clrtext      0000
__Lcode                  code         0000
__Lcommon                common       0000
__Lconfig                config       2007
__LcstackBANK0           cstackBANK0  0000
__LcstackCOMMON          cstackCOMMON 0000
__Leeprom_data           eeprom_data  0000
__Lend_init              end_init     0000
__Lfunctab               functab      0000
__Lidloc                 idloc        0000
__Linit                  init         0000
__Lintentry              intentry     0000
__Lmaintext              maintext     0000
__Lpowerup               powerup      0000
__Lram                   ram          0000
__Lreset_vec             reset_vec    0000
__Lsfr0                  sfr0         0000
__Lsfr1                  sfr1         0000
__Lsfr2                  sfr2         0000
__Lsfr3                  sfr3         0000
__Lspace_0               (abs)        0000
__Lspace_1               (abs)        0000
__Lspace_2               (abs)        0000
__Lspace_3               (abs)        0000
__Lstack                 stack        0000
__Lstrings               strings      0000
__Ltext                  text         0000
__S0                     (abs)        2009
__S1                     (abs)        007E
__S2                     (abs)        0000
__S3                     (abs)        0000
___ftdiv                 text18       037C
___ftdiv@cntr            cstackBANK0  0034
___ftdiv@exp             cstackBANK0  0038
___ftdiv@f1              cstackBANK0  002D
___ftdiv@f2              cstackBANK0  002A
___ftdiv@f3              cstackBANK0  0035
___ftdiv@sign            cstackBANK0  0039
___ftmul                 text17       0433
___ftmul@cntr            cstackBANK0  0028
___ftmul@exp             cstackBANK0  0024
___ftmul@f1              cstackCOMMON 0078
___ftmul@f2              cstackCOMMON 007B
___ftmul@f3_as_product   cstackBANK0  0025
___ftmul@sign            cstackBANK0  0029
___ftpack                text19       0A40
___ftpack@arg            cstackCOMMON 0070
___ftpack@exp            cstackCOMMON 0073
___ftpack@sign           cstackCOMMON 0074
___fttol                 text16       02EE
___fttol@exp1            cstackBANK0  0047
___fttol@f1              cstackBANK0  003A
___fttol@lval            cstackBANK0  0043
___fttol@sign1           cstackBANK0  0042
___int_sp                stack        0000
___latbits               (abs)        0001
___sp                    stack        0000
__end_of___ftdiv         text18       0433
__end_of___ftmul         text17       0503
__end_of___ftpack        text19       0AAC
__end_of___fttol         text16       037C
__end_of__initialization cinit        07FD
__end_of_main            maintext     07FD
__end_of_playDO1         text15       0E62
__end_of_playDO2         text14       0EEC
__end_of_playDO3         text13       0B32
__end_of_playFA1         text12       00BE
__end_of_playFA2         text11       0C40
__end_of_playMI1         text10       0F76
__end_of_playMI2         text9        0CC8
__end_of_playRA1         text8        014A
__end_of_playRA2         text7        0D50
__end_of_playRE1         text6        01D6
__end_of_playRE2         text5        0262
__end_of_playSI1         text4        1000
__end_of_playSI2         text3        0DD8
__end_of_playSO1         text2        02EE
__end_of_playSO2         text1        0BB8
__initialization         cinit        07FD
__pcstackBANK0           cstackBANK0  0020
__pcstackCOMMON          cstackCOMMON 0070
__pmaintext              maintext     0503
__ptext1                 text1        0B32
__ptext10                text10       0EEC
__ptext11                text11       0BB8
__ptext12                text12       0032
__ptext13                text13       0AAC
__ptext14                text14       0E62
__ptext15                text15       0DD8
__ptext16                text16       02EE
__ptext17                text17       0433
__ptext18                text18       037C
__ptext19                text19       0A40
__ptext2                 text2        0262
__ptext3                 text3        0D50
__ptext4                 text4        0F76
__ptext5                 text5        01D6
__ptext6                 text6        014A
__ptext7                 text7        0CC8
__ptext8                 text8        00BE
__ptext9                 text9        0C40
__size_of___ftdiv        (abs)        0000
__size_of___ftmul        (abs)        0000
__size_of___ftpack       (abs)        0000
__size_of___fttol        (abs)        0000
__size_of_main           (abs)        0000
__size_of_playDO1        (abs)        0000
__size_of_playDO2        (abs)        0000
__size_of_playDO3        (abs)        0000
__size_of_playFA1        (abs)        0000
__size_of_playFA2        (abs)        0000
__size_of_playMI1        (abs)        0000
__size_of_playMI2        (abs)        0000
__size_of_playRA1        (abs)        0000
__size_of_playRA2        (abs)        0000
__size_of_playRE1        (abs)        0000
__size_of_playRE2        (abs)        0000
__size_of_playSI1        (abs)        0000
__size_of_playSI2        (abs)        0000
__size_of_playSO1        (abs)        0000
__size_of_playSO2        (abs)        0000
_main                    maintext     0503
_playDO1                 text15       0DD8
_playDO2                 text14       0E62
_playDO3                 text13       0AAC
_playFA1                 text12       0032
_playFA2                 text11       0BB8
_playMI1                 text10       0EEC
_playMI2                 text9        0C40
_playRA1                 text8        00BE
_playRA2                 text7        0CC8
_playRE1                 text6        014A
_playRE2                 text5        01D6
_playSI1                 text4        0F76
_playSI2                 text3        0D50
_playSO1                 text2        0262
_playSO2                 text1        0B32
btemp                    (abs)        007E
end_of_initialization    cinit        07FD
intlevel0                functab      0000
intlevel1                functab      0000
intlevel2                functab      0000
intlevel3                functab      0000
intlevel4                functab      0000
intlevel5                functab      0000
main@i                   cstackBANK0  0056
main@j                   cstackBANK0  0058
main@j_126               cstackBANK0  005A
playDO1@count            cstackBANK0  004F
playDO1@i                cstackBANK0  0051
playDO1@time             cstackBANK0  0048
playDO2@count            cstackBANK0  004F
playDO2@i                cstackBANK0  0051
playDO2@time             cstackBANK0  0048
playDO3@count            cstackBANK0  004F
playDO3@i                cstackBANK0  0051
playDO3@time             cstackBANK0  0048
playFA1@count            cstackBANK0  004F
playFA1@i                cstackBANK0  0051
playFA1@time             cstackBANK0  0048
playFA2@count            cstackBANK0  004F
playFA2@i                cstackBANK0  0051
playFA2@time             cstackBANK0  0048
playMI1@count            cstackBANK0  004F
playMI1@i                cstackBANK0  0051
playMI1@time             cstackBANK0  0048
playMI2@count            cstackBANK0  004F
playMI2@i                cstackBANK0  0051
playMI2@time             cstackBANK0  0048
playRA1@count            cstackBANK0  004F
playRA1@i                cstackBANK0  0051
playRA1@time             cstackBANK0  0048
playRA2@count            cstackBANK0  004F
playRA2@i                cstackBANK0  0051
playRA2@time             cstackBANK0  0048
playRE1@count            cstackBANK0  004F
playRE1@i                cstackBANK0  0051
playRE1@time             cstackBANK0  0048
playRE2@count            cstackBANK0  004F
playRE2@i                cstackBANK0  0051
playRE2@time             cstackBANK0  0048
playSI1@count            cstackBANK0  004F
playSI1@i                cstackBANK0  0051
playSI1@time             cstackBANK0  0048
playSI2@count            cstackBANK0  004F
playSI2@i                cstackBANK0  0051
playSI2@time             cstackBANK0  0048
playSO1@count            cstackBANK0  004F
playSO1@i                cstackBANK0  0051
playSO1@time             cstackBANK0  0048
playSO2@count            cstackBANK0  004F
playSO2@i                cstackBANK0  0051
playSO2@time             cstackBANK0  0048
reset_vec                reset_vec    0000
stackhi                  (abs)        0000
stacklo                  (abs)        0000
start                    init         0000
start_initialization     cinit        07FD
wtemp0                   (abs)        007E


FUNCTION INFORMATION:

 *************** function _main *****************
 Defined at:
		line 200 in file "main.c"
 Parameters:    Size  Location     Type
		None
 Auto vars:     Size  Location     Type
  j               2   56[BANK0 ] int 
  j               2   58[BANK0 ] int 
  i               2   54[BANK0 ] int 
 Return value:  Size  Location     Type
                  1    wreg      void 
 Registers used:
		wreg, status,2, status,0, btemp+1, pclath, cstack
 Tracked objects:
		On entry : 
		On exit  : 
		Unchanged: 
 Data sizes:     COMMON   BANK0   BANK1   BANK3   BANK2
      Params:         0       0       0       0       0
      Locals:         0       6       0       0       0
      Temps:          0       3       0       0       0
      Totals:         0       9       0       0       0
Total ram usage:        9 bytes
 Hardware stack levels required when called:    3
 This function calls:
		_playDO1
		_playDO2
		_playDO3
		_playFA1
		_playFA2
		_playMI1
		_playMI2
		_playRA1
		_playRA2
		_playRE1
		_playRE2
		_playSI1
		_playSI2
		_playSO1
		_playSO2
 This function is called by:
		Startup code after reset
 This function uses a non-reentrant model


 *************** function _playSO2 *****************
 Defined at:
		line 156 in file "main.c"
 Parameters:    Size  Location     Type
  time            3   40[BANK0 ] float 
 Auto vars:     Size  Location     Type
  i               2   49[BANK0 ] int 
  count           2   47[BANK0 ] int 
 Return value:  Size  Location     Type
                  1    wreg      void 
 Registers used:
		wreg, status,2, status,0, pclath, cstack
 Tracked objects:
		On entry : 
		On exit  : 
		Unchanged: 
 Data sizes:     COMMON   BANK0   BANK1   BANK3   BANK2
      Params:         0       3       0       0       0
      Locals:         0       4       0       0       0
      Temps:          0       4       0       0       0
      Totals:         0      11       0       0       0
Total ram usage:       11 bytes
 Hardware stack levels used:    1
 Hardware stack levels required when called:    2
 This function calls:
		___ftdiv
		___ftmul
		___fttol
 This function is called by:
		_main
 This function uses a non-reentrant model


 *************** function _playSO1 *****************
 Defined at:
		line 79 in file "main.c"
 Parameters:    Size  Location     Type
  time            3   40[BANK0 ] float 
 Auto vars:     Size  Location     Type
  i               2   49[BANK0 ] int 
  count           2   47[BANK0 ] int 
 Return value:  Size  Location     Type
                  1    wreg      void 
 Registers used:
		wreg, status,2, status,0, pclath, cstack
 Tracked objects:
		On entry : 
		On exit  : 
		Unchanged: 
 Data sizes:     COMMON   BANK0   BANK1   BANK3   BANK2
      Params:         0       3       0       0       0
      Locals:         0       4       0       0       0
      Temps:          0       4       0       0       0
      Totals:         0      11       0       0       0
Total ram usage:       11 bytes
 Hardware stack levels used:    1
 Hardware stack levels required when called:    2
 This function calls:
		___ftdiv
		___ftmul
		___fttol
 This function is called by:
		_main
 This function uses a non-reentrant model


 *************** function _playSI2 *****************
 Defined at:
		line 178 in file "main.c"
 Parameters:    Size  Location     Type
  time            3   40[BANK0 ] float 
 Auto vars:     Size  Location     Type
  i               2   49[BANK0 ] int 
  count           2   47[BANK0 ] int 
 Return value:  Size  Location     Type
                  1    wreg      void 
 Registers used:
		wreg, status,2, status,0, pclath, cstack
 Tracked objects:
		On entry : 
		On exit  : 
		Unchanged: 
 Data sizes:     COMMON   BANK0   BANK1   BANK3   BANK2
      Params:         0       3       0       0       0
      Locals:         0       4       0       0       0
      Temps:          0       4       0       0       0
      Totals:         0      11       0       0       0
Total ram usage:       11 bytes
 Hardware stack levels used:    1
 Hardware stack levels required when called:    2
 This function calls:
		___ftdiv
		___ftmul
		___fttol
 This function is called by:
		_main
 This function uses a non-reentrant model


 *************** function _playSI1 *****************
 Defined at:
		line 101 in file "main.c"
 Parameters:    Size  Location     Type
  time            3   40[BANK0 ] float 
 Auto vars:     Size  Location     Type
  i               2   49[BANK0 ] int 
  count           2   47[BANK0 ] int 
 Return value:  Size  Location     Type
                  1    wreg      void 
 Registers used:
		wreg, status,2, status,0, pclath, cstack
 Tracked objects:
		On entry : 
		On exit  : 
		Unchanged: 
 Data sizes:     COMMON   BANK0   BANK1   BANK3   BANK2
      Params:         0       3       0       0       0
      Locals:         0       4       0       0       0
      Temps:          0       4       0       0       0
      Totals:         0      11       0       0       0
Total ram usage:       11 bytes
 Hardware stack levels used:    1
 Hardware stack levels required when called:    2
 This function calls:
		___ftdiv
		___ftmul
		___fttol
 This function is called by:
		_main
 This function uses a non-reentrant model


 *************** function _playRE2 *****************
 Defined at:
		line 123 in file "main.c"
 Parameters:    Size  Location     Type
  time            3   40[BANK0 ] float 
 Auto vars:     Size  Location     Type
  i               2   49[BANK0 ] int 
  count           2   47[BANK0 ] int 
 Return value:  Size  Location     Type
                  1    wreg      void 
 Registers used:
		wreg, status,2, status,0, pclath, cstack
 Tracked objects:
		On entry : 
		On exit  : 
		Unchanged: 
 Data sizes:     COMMON   BANK0   BANK1   BANK3   BANK2
      Params:         0       3       0       0       0
      Locals:         0       4       0       0       0
      Temps:          0       4       0       0       0
      Totals:         0      11       0       0       0
Total ram usage:       11 bytes
 Hardware stack levels used:    1
 Hardware stack levels required when called:    2
 This function calls:
		___ftdiv
		___ftmul
		___fttol
 This function is called by:
		_main
 This function uses a non-reentrant model


 *************** function _playRE1 *****************
 Defined at:
		line 46 in file "main.c"
 Parameters:    Size  Location     Type
  time            3   40[BANK0 ] float 
 Auto vars:     Size  Location     Type
  i               2   49[BANK0 ] int 
  count           2   47[BANK0 ] int 
 Return value:  Size  Location     Type
                  1    wreg      void 
 Registers used:
		wreg, status,2, status,0, pclath, cstack
 Tracked objects:
		On entry : 
		On exit  : 
		Unchanged: 
 Data sizes:     COMMON   BANK0   BANK1   BANK3   BANK2
      Params:         0       3       0       0       0
      Locals:         0       4       0       0       0
      Temps:          0       4       0       0       0
      Totals:         0      11       0       0       0
Total ram usage:       11 bytes
 Hardware stack levels used:    1
 Hardware stack levels required when called:    2
 This function calls:
		___ftdiv
		___ftmul
		___fttol
 This function is called by:
		_main
 This function uses a non-reentrant model


 *************** function _playRA2 *****************
 Defined at:
		line 167 in file "main.c"
 Parameters:    Size  Location     Type
  time            3   40[BANK0 ] float 
 Auto vars:     Size  Location     Type
  i               2   49[BANK0 ] int 
  count           2   47[BANK0 ] int 
 Return value:  Size  Location     Type
                  1    wreg      void 
 Registers used:
		wreg, status,2, status,0, pclath, cstack
 Tracked objects:
		On entry : 
		On exit  : 
		Unchanged: 
 Data sizes:     COMMON   BANK0   BANK1   BANK3   BANK2
      Params:         0       3       0       0       0
      Locals:         0       4       0       0       0
      Temps:          0       4       0       0       0
      Totals:         0      11       0       0       0
Total ram usage:       11 bytes
 Hardware stack levels used:    1
 Hardware stack levels required when called:    2
 This function calls:
		___ftdiv
		___ftmul
		___fttol
 This function is called by:
		_main
 This function uses a non-reentrant model


 *************** function _playRA1 *****************
 Defined at:
		line 90 in file "main.c"
 Parameters:    Size  Location     Type
  time            3   40[BANK0 ] float 
 Auto vars:     Size  Location     Type
  i               2   49[BANK0 ] int 
  count           2   47[BANK0 ] int 
 Return value:  Size  Location     Type
                  1    wreg      void 
 Registers used:
		wreg, status,2, status,0, pclath, cstack
 Tracked objects:
		On entry : 
		On exit  : 
		Unchanged: 
 Data sizes:     COMMON   BANK0   BANK1   BANK3   BANK2
      Params:         0       3       0       0       0
      Locals:         0       4       0       0       0
      Temps:          0       4       0       0       0
      Totals:         0      11       0       0       0
Total ram usage:       11 bytes
 Hardware stack levels used:    1
 Hardware stack levels required when called:    2
 This function calls:
		___ftdiv
		___ftmul
		___fttol
 This function is called by:
		_main
 This function uses a non-reentrant model


 *************** function _playMI2 *****************
 Defined at:
		line 134 in file "main.c"
 Parameters:    Size  Location     Type
  time            3   40[BANK0 ] float 
 Auto vars:     Size  Location     Type
  i               2   49[BANK0 ] int 
  count           2   47[BANK0 ] int 
 Return value:  Size  Location     Type
                  1    wreg      void 
 Registers used:
		wreg, status,2, status,0, pclath, cstack
 Tracked objects:
		On entry : 
		On exit  : 
		Unchanged: 
 Data sizes:     COMMON   BANK0   BANK1   BANK3   BANK2
      Params:         0       3       0       0       0
      Locals:         0       4       0       0       0
      Temps:          0       4       0       0       0
      Totals:         0      11       0       0       0
Total ram usage:       11 bytes
 Hardware stack levels used:    1
 Hardware stack levels required when called:    2
 This function calls:
		___ftdiv
		___ftmul
		___fttol
 This function is called by:
		_main
 This function uses a non-reentrant model


 *************** function _playMI1 *****************
 Defined at:
		line 57 in file "main.c"
 Parameters:    Size  Location     Type
  time            3   40[BANK0 ] float 
 Auto vars:     Size  Location     Type
  i               2   49[BANK0 ] int 
  count           2   47[BANK0 ] int 
 Return value:  Size  Location     Type
                  1    wreg      void 
 Registers used:
		wreg, status,2, status,0, pclath, cstack
 Tracked objects:
		On entry : 
		On exit  : 
		Unchanged: 
 Data sizes:     COMMON   BANK0   BANK1   BANK3   BANK2
      Params:         0       3       0       0       0
      Locals:         0       4       0       0       0
      Temps:          0       4       0       0       0
      Totals:         0      11       0       0       0
Total ram usage:       11 bytes
 Hardware stack levels used:    1
 Hardware stack levels required when called:    2
 This function calls:
		___ftdiv
		___ftmul
		___fttol
 This function is called by:
		_main
 This function uses a non-reentrant model


 *************** function _playFA2 *****************
 Defined at:
		line 145 in file "main.c"
 Parameters:    Size  Location     Type
  time            3   40[BANK0 ] float 
 Auto vars:     Size  Location     Type
  i               2   49[BANK0 ] int 
  count           2   47[BANK0 ] int 
 Return value:  Size  Location     Type
                  1    wreg      void 
 Registers used:
		wreg, status,2, status,0, pclath, cstack
 Tracked objects:
		On entry : 
		On exit  : 
		Unchanged: 
 Data sizes:     COMMON   BANK0   BANK1   BANK3   BANK2
      Params:         0       3       0       0       0
      Locals:         0       4       0       0       0
      Temps:          0       4       0       0       0
      Totals:         0      11       0       0       0
Total ram usage:       11 bytes
 Hardware stack levels used:    1
 Hardware stack levels required when called:    2
 This function calls:
		___ftdiv
		___ftmul
		___fttol
 This function is called by:
		_main
 This function uses a non-reentrant model


 *************** function _playFA1 *****************
 Defined at:
		line 68 in file "main.c"
 Parameters:    Size  Location     Type
  time            3   40[BANK0 ] float 
 Auto vars:     Size  Location     Type
  i               2   49[BANK0 ] int 
  count           2   47[BANK0 ] int 
 Return value:  Size  Location     Type
                  1    wreg      void 
 Registers used:
		wreg, status,2, status,0, pclath, cstack
 Tracked objects:
		On entry : 
		On exit  : 
		Unchanged: 
 Data sizes:     COMMON   BANK0   BANK1   BANK3   BANK2
      Params:         0       3       0       0       0
      Locals:         0       4       0       0       0
      Temps:          0       4       0       0       0
      Totals:         0      11       0       0       0
Total ram usage:       11 bytes
 Hardware stack levels used:    1
 Hardware stack levels required when called:    2
 This function calls:
		___ftdiv
		___ftmul
		___fttol
 This function is called by:
		_main
 This function uses a non-reentrant model


 *************** function _playDO3 *****************
 Defined at:
		line 189 in file "main.c"
 Parameters:    Size  Location     Type
  time            3   40[BANK0 ] float 
 Auto vars:     Size  Location     Type
  i               2   49[BANK0 ] int 
  count           2   47[BANK0 ] int 
 Return value:  Size  Location     Type
                  1    wreg      void 
 Registers used:
		wreg, status,2, status,0, pclath, cstack
 Tracked objects:
		On entry : 
		On exit  : 
		Unchanged: 
 Data sizes:     COMMON   BANK0   BANK1   BANK3   BANK2
      Params:         0       3       0       0       0
      Locals:         0       4       0       0       0
      Temps:          0       4       0       0       0
      Totals:         0      11       0       0       0
Total ram usage:       11 bytes
 Hardware stack levels used:    1
 Hardware stack levels required when called:    2
 This function calls:
		___ftdiv
		___ftmul
		___fttol
 This function is called by:
		_main
 This function uses a non-reentrant model


 *************** function _playDO2 *****************
 Defined at:
		line 112 in file "main.c"
 Parameters:    Size  Location     Type
  time            3   40[BANK0 ] float 
 Auto vars:     Size  Location     Type
  i               2   49[BANK0 ] int 
  count           2   47[BANK0 ] int 
 Return value:  Size  Location     Type
                  1    wreg      void 
 Registers used:
		wreg, status,2, status,0, pclath, cstack
 Tracked objects:
		On entry : 
		On exit  : 
		Unchanged: 
 Data sizes:     COMMON   BANK0   BANK1   BANK3   BANK2
      Params:         0       3       0       0       0
      Locals:         0       4       0       0       0
      Temps:          0       4       0       0       0
      Totals:         0      11       0       0       0
Total ram usage:       11 bytes
 Hardware stack levels used:    1
 Hardware stack levels required when called:    2
 This function calls:
		___ftdiv
		___ftmul
		___fttol
 This function is called by:
		_main
 This function uses a non-reentrant model


 *************** function _playDO1 *****************
 Defined at:
		line 35 in file "main.c"
 Parameters:    Size  Location     Type
  time            3   40[BANK0 ] float 
 Auto vars:     Size  Location     Type
  i               2   49[BANK0 ] int 
  count           2   47[BANK0 ] int 
 Return value:  Size  Location     Type
                  1    wreg      void 
 Registers used:
		wreg, status,2, status,0, pclath, cstack
 Tracked objects:
		On entry : 
		On exit  : 
		Unchanged: 
 Data sizes:     COMMON   BANK0   BANK1   BANK3   BANK2
      Params:         0       3       0       0       0
      Locals:         0       4       0       0       0
      Temps:          0       4       0       0       0
      Totals:         0      11       0       0       0
Total ram usage:       11 bytes
 Hardware stack levels used:    1
 Hardware stack levels required when called:    2
 This function calls:
		___ftdiv
		___ftmul
		___fttol
 This function is called by:
		_main
 This function uses a non-reentrant model


 *************** function ___fttol *****************
 Defined at:
		line 44 in file "C:\Program Files (x86)\Microchip\xc8\v1.45\sources\common\fttol.c"
 Parameters:    Size  Location     Type
  f1              3   26[BANK0 ] float 
 Auto vars:     Size  Location     Type
  lval            4   35[BANK0 ] unsigned long 
  exp1            1   39[BANK0 ] unsigned char 
  sign1           1   34[BANK0 ] unsigned char 
 Return value:  Size  Location     Type
                  4   26[BANK0 ] long 
 Registers used:
		wreg, status,2, status,0
 Tracked objects:
		On entry : 
		On exit  : 
		Unchanged: 
 Data sizes:     COMMON   BANK0   BANK1   BANK3   BANK2
      Params:         0       4       0       0       0
      Locals:         0       6       0       0       0
      Temps:          0       4       0       0       0
      Totals:         0      14       0       0       0
Total ram usage:       14 bytes
 Hardware stack levels used:    1
 This function calls:
		Nothing
 This function is called by:
		_playDO1
		_playRE1
		_playMI1
		_playFA1
		_playSO1
		_playRA1
		_playSI1
		_playDO2
		_playRE2
		_playMI2
		_playFA2
		_playSO2
		_playRA2
		_playSI2
		_playDO3
 This function uses a non-reentrant model


 *************** function ___ftmul *****************
 Defined at:
		line 62 in file "C:\Program Files (x86)\Microchip\xc8\v1.45\sources\common\ftmul.c"
 Parameters:    Size  Location     Type
  f1              3    8[COMMON] float 
  f2              3   11[COMMON] float 
 Auto vars:     Size  Location     Type
  f3_as_produc    3    5[BANK0 ] unsigned um
  sign            1    9[BANK0 ] unsigned char 
  cntr            1    8[BANK0 ] unsigned char 
  exp             1    4[BANK0 ] unsigned char 
 Return value:  Size  Location     Type
                  3    8[COMMON] float 
 Registers used:
		wreg, status,2, status,0, pclath, cstack
 Tracked objects:
		On entry : 
		On exit  : 
		Unchanged: 
 Data sizes:     COMMON   BANK0   BANK1   BANK3   BANK2
      Params:         6       0       0       0       0
      Locals:         0       6       0       0       0
      Temps:          0       4       0       0       0
      Totals:         6      10       0       0       0
Total ram usage:       16 bytes
 Hardware stack levels used:    1
 Hardware stack levels required when called:    1
 This function calls:
		___ftpack
 This function is called by:
		_playDO1
		_playRE1
		_playMI1
		_playFA1
		_playSO1
		_playRA1
		_playSI1
		_playDO2
		_playRE2
		_playMI2
		_playFA2
		_playSO2
		_playRA2
		_playSI2
		_playDO3
 This function uses a non-reentrant model


 *************** function ___ftdiv *****************
 Defined at:
		line 56 in file "C:\Program Files (x86)\Microchip\xc8\v1.45\sources\common\ftdiv.c"
 Parameters:    Size  Location     Type
  f2              3   10[BANK0 ] float 
  f1              3   13[BANK0 ] float 
 Auto vars:     Size  Location     Type
  f3              3   21[BANK0 ] float 
  sign            1   25[BANK0 ] unsigned char 
  exp             1   24[BANK0 ] unsigned char 
  cntr            1   20[BANK0 ] unsigned char 
 Return value:  Size  Location     Type
                  3   10[BANK0 ] float 
 Registers used:
		wreg, status,2, status,0, pclath, cstack
 Tracked objects:
		On entry : 
		On exit  : 
		Unchanged: 
 Data sizes:     COMMON   BANK0   BANK1   BANK3   BANK2
      Params:         0       6       0       0       0
      Locals:         0       6       0       0       0
      Temps:          0       4       0       0       0
      Totals:         0      16       0       0       0
Total ram usage:       16 bytes
 Hardware stack levels used:    1
 Hardware stack levels required when called:    1
 This function calls:
		___ftpack
 This function is called by:
		_playDO1
		_playRE1
		_playMI1
		_playFA1
		_playSO1
		_playRA1
		_playSI1
		_playDO2
		_playRE2
		_playMI2
		_playFA2
		_playSO2
		_playRA2
		_playSI2
		_playDO3
 This function uses a non-reentrant model


 *************** function ___ftpack *****************
 Defined at:
		line 62 in file "C:\Program Files (x86)\Microchip\xc8\v1.45\sources\common\float.c"
 Parameters:    Size  Location     Type
  arg             3    0[COMMON] unsigned um
  exp             1    3[COMMON] unsigned char 
  sign            1    4[COMMON] unsigned char 
 Auto vars:     Size  Location     Type
		None
 Return value:  Size  Location     Type
                  3    0[COMMON] float 
 Registers used:
		wreg, status,2, status,0
 Tracked objects:
		On entry : 
		On exit  : 
		Unchanged: 
 Data sizes:     COMMON   BANK0   BANK1   BANK3   BANK2
      Params:         5       0       0       0       0
      Locals:         0       0       0       0       0
      Temps:          3       0       0       0       0
      Totals:         8       0       0       0       0
Total ram usage:        8 bytes
 Hardware stack levels used:    1
 This function calls:
		Nothing
 This function is called by:
		___ftdiv
		___ftmul
 This function uses a non-reentrant model



MODULE INFORMATION

Module		Function		Class		Link	Load	Size
C:\Program Files (x86)\Microchip\xc8\v1.45\sources\common\float.c
		___ftpack      		CODE           	0A40	0000	109

C:\Program Files (x86)\Microchip\xc8\v1.45\sources\common\float.c estimated size: 109

C:\Program Files (x86)\Microchip\xc8\v1.45\sources\common\ftmul.c
		___ftmul       		CODE           	0433	0000	209

C:\Program Files (x86)\Microchip\xc8\v1.45\sources\common\ftmul.c estimated size: 209

C:\Program Files (x86)\Microchip\xc8\v1.45\sources\common\ftdiv.c
		___ftdiv       		CODE           	037C	0000	184

C:\Program Files (x86)\Microchip\xc8\v1.45\sources\common\ftdiv.c estimated size: 184

shared
		__initialization		CODE           	07FD	0000	1

shared estimated size: 1

C:\Program Files (x86)\Microchip\xc8\v1.45\sources\common\fttol.c
		___fttol       		CODE           	02EE	0000	143

C:\Program Files (x86)\Microchip\xc8\v1.45\sources\common\fttol.c estimated size: 143

main.c
		_playSO2       		CODE           	0B32	0000	135
		_playRA2       		CODE           	0CC8	0000	137
		_playDO3       		CODE           	0AAC	0000	135
		_playMI1       		CODE           	0EEC	0000	139
		_playSI1       		CODE           	0F76	0000	139
		_playFA1       		CODE           	0032	0000	141
		_main          		CODE           	0503	0000	763
		_playSO1       		CODE           	0262	0000	141
		_playRA1       		CODE           	00BE	0000	141
		_playRE2       		CODE           	01D6	0000	141
		_playDO2       		CODE           	0E62	0000	139
		_playRE1       		CODE           	014A	0000	141
		_playDO1       		CODE           	0DD8	0000	139
		_playMI2       		CODE           	0C40	0000	137
		_playSI2       		CODE           	0D50	0000	137
		_playFA2       		CODE           	0BB8	0000	137

main.c estimated size: 2842

